SBER: 20 origins
  5/20
  10/20
  15/20
  20/20
  SBER done
LKOH: 20 origins
  5/20
  10/20
  15/20
  20/20
  LKOH done

── AGG LP-MAPE по методам ───────────────────────────────────────────────────
Метод                       best p   best MAPE   p=42 MAPE
────────────────────────────────────────────────────────────
LWR прямой                      40     0.01159     0.01295
LWR итер.                       61     0.01521     0.01738
LWR итер.+пересчёт              41     0.01137     0.01159
RBF прямой                      32     0.02060     0.02391
RBF итер.                       14     0.01426     0.01988
RBF итер.+пересчёт              62     0.02859     0.04816

Рис. A: /home/kali/workspace/apps/sma/research/figures/62_mape_vs_p.png
Рис. B: /home/kali/workspace/apps/sma/research/figures/62_lwr_vs_rbf.png
Рис. C: /home/kali/workspace/apps/sma/research/figures/62_trajectories.png

Скрипт 62 завершён.
