SBER: 20 origins
  5/20
  10/20
  15/20
  20/20
  SBER done
LKOH: 20 origins
  5/20
  10/20
  15/20
  20/20
  LKOH done

── AGG LP-MAPE: лучшие p_fit для каждого p_search ───────────────────────────
 p_search  best p_fit   best MAPE    baseline(p=p_search)   выигрыш
──────────────────────────────────────────────────────────────────────
       20          14     0.01253                 0.01353      7.9%
       42          18     0.01071                 0.01159      8.2%
       67          16     0.01050                 0.01507     43.6%

Рис. A: /home/kali/workspace/apps/sma/research/figures/63_mape_vs_pfit.png
Рис. B: /home/kali/workspace/apps/sma/research/figures/63_pfit_at42.png
Рис. C: /home/kali/workspace/apps/sma/research/figures/63_trajectories.png

Скрипт 63 завершён.
