Загрузка данных…
  CHMF: 100 origins, n=5345
  LKOH: 100 origins, n=5802
  MGNT: 100 origins, n=5059
  MRKP: 100 origins, n=4545
  NLMK: 100 origins, n=5142
  NVTK: 100 origins, n=5054
  SBER: 100 origins, n=4829
  VTBR: 100 origins, n=4785

Фаза 1: sweep p_search 4…80
  100/800  (151s)
  200/800  (322s)
  300/800  (466s)
  400/800  (598s)
  500/800  (760s)
  600/800  (942s)
  700/800  (1133s)
  800/800  (1329s)

Фаза 1 завершена за 1328.7с

Фаза 2: sweep p_fit при p_search=67…
  100/800  (291s)
  200/800  (622s)
  300/800  (901s)
  400/800  (1084s)
  500/800  (1352s)
  600/800  (1619s)
  700/800  (1796s)
  800/800  (1963s)
Фаза 2 завершена за 1963.5с

── Фаза 1: AGG LP-MAPE vs p_search ─────────────────────────────────────────
 p_search   split p_fit=16    baseline   выигрыш
──────────────────────────────────────────────────
        4          0.03455     0.03455      0.0%
        6          0.03250     0.03250      0.0%
        8          0.03066     0.03066      0.0%
       10          0.03111     0.03111      0.0%
       12          0.03090     0.03090      0.0%
       14          0.02986     0.02986      0.0%
       16          0.03015     0.03015      0.0%
       18          0.02893     0.03048      5.4%
       20          0.02895     0.03130      8.1%
       22          0.02912     0.03047      4.6%
       24          0.02839     0.03037      7.0%
       26          0.02717     0.02988     10.0%
       28          0.02693     0.03054     13.4%
       30          0.02700     0.03116     15.4%
       32          0.02678     0.03041     13.5%
       34          0.02643     0.02998     13.4%
       36          0.02661     0.02967     11.5%
       38          0.02656     0.03087     16.2%
       40          0.02671     0.03122     16.9%
       42          0.02647     0.03056     15.5%
       44          0.02637     0.03022     14.6%
       46          0.02598     0.03022     16.3%
       48          0.02602     0.03028     16.3%
       50          0.02575     0.02978     15.7%
       52          0.02574     0.02995     16.4%
       54          0.02546     0.02935     15.2%
       56          0.02568     0.03044     18.5%
       58          0.02558     0.03082     20.5%
       60          0.02500     0.03074     22.9%
       62          0.02508     0.03155     25.8%
       64          0.02475     0.03259     31.6%
       66          0.02489     0.03247     30.5%
       68          0.02476     0.03248     31.2%
       70          0.02458     0.03239     31.7%
       72          0.02455     0.03285     33.8%
       74          0.02458     0.03175     29.2%
       76          0.02458     0.03129     27.3%
       78          0.02462     0.03159     28.3%
       80          0.02451     0.03142     28.2% ←

Лучший split:    p_search=80  MAPE=0.02451
Лучший baseline: p_search=54  MAPE=0.02935
Выигрыш split vs baseline @ best split: 28.2%  p=0.0000

── Фаза 2: AGG LP-MAPE vs p_fit (p_search=67) ────────────────
Лучший p_fit=13  MAPE=0.02482
vs p_fit=16: MAPE=0.02508

Рис. A: /home/kali/workspace/apps/sma/research/figures/64_mape_vs_psearch.png
Рис. B: /home/kali/workspace/apps/sma/research/figures/64_mape_vs_pfit.png

── Per-ticker: split(ps=80, pf=16) vs baseline(ps=pf=80) ──
Ticker       split    baseline       Δ%
────────────────────────────────────────
CHMF       0.02573     0.03349    30.1%
LKOH       0.01840     0.02573    39.8%
MGNT       0.02688     0.03191    18.7%
MRKP       0.02296     0.02814    22.6%
NLMK       0.02501     0.03114    24.5%
NVTK       0.02972     0.03431    15.5%
SBER       0.01650     0.02224    34.8%
VTBR       0.03090     0.04438    43.6%

Скрипт 64 завершён за 3292.4с
